<?xml version="1.0" encoding="UTF-8"?>
<testsuite name="rspec" tests="12" skipped="0" failures="0" errors="0" time="0.039543" timestamp="2020-02-07T01:47:22-05:00" hostname="kubuntu-VirtualBox">
<properties>
<property name="seed" value="13383"/>
</properties>
<testcase classname="spec.models.message_spec" name="Message Association tests should belong to user" file="./spec/models/message_spec.rb" time="0.001191"></testcase>
<testcase classname="spec.models.message_spec" name="Message validation tests ensures Content presence" file="./spec/models/message_spec.rb" time="0.011076"></testcase>
<testcase classname="spec.models.user_spec" name="User should have many messages" file="./spec/models/user_spec.rb" time="0.000564"></testcase>
<testcase classname="spec.models.user_spec" name="User should create user successfully" file="./spec/models/user_spec.rb" time="0.013781"></testcase>
<testcase classname="spec.routing.messages_routing_spec" name="MessagesController routing routes to #index" file="./spec/routing/messages_routing_spec.rb" time="0.004102"></testcase>
<testcase classname="spec.routing.messages_routing_spec" name="MessagesController routing routes to #new" file="./spec/routing/messages_routing_spec.rb" time="0.000860"></testcase>
<testcase classname="spec.routing.messages_routing_spec" name="MessagesController routing routes to #show" file="./spec/routing/messages_routing_spec.rb" time="0.000728"></testcase>
<testcase classname="spec.routing.messages_routing_spec" name="MessagesController routing routes to #edit" file="./spec/routing/messages_routing_spec.rb" time="0.000794"></testcase>
<testcase classname="spec.routing.messages_routing_spec" name="MessagesController routing routes to #update via PUT" file="./spec/routing/messages_routing_spec.rb" time="0.000827"></testcase>
<testcase classname="spec.routing.messages_routing_spec" name="MessagesController routing routes to #update via PATCH" file="./spec/routing/messages_routing_spec.rb" time="0.000863"></testcase>
<testcase classname="spec.routing.messages_routing_spec" name="MessagesController routing routes to #destroy" file="./spec/routing/messages_routing_spec.rb" time="0.000791"></testcase>
</testsuite>
